// FooType represents the Postgres composite type "foo_type".
type FooType struct {
	Alpha pgtype.Text `json:"alpha" db:"alpha"`
}

// SomeTableNested represents the Postgres composite type "some_table_nested".
type SomeTableNested struct {
	Foo    FooType     `json:"foo" db:"foo"`
	BarBaz pgtype.Text `json:"bar_baz" db:"bar_baz"`
}

// RegisterTypes loads custom PostgreSQL types into conn's pgx type map.
func RegisterTypes(ctx context.Context, conn *pgx.Conn) error {
	pending := append([]string(nil), typesToRegister...)
	for len(pending) > 0 {
		remaining := pending[:0]
		loaded := 0
		var lastErr error
		var lastType string
		for _, typ := range pending {
			dt, err := conn.LoadType(ctx, typ)
			if err != nil {
				lastErr = err
				lastType = typ
				remaining = append(remaining, typ)
				continue
			}
			conn.TypeMap().RegisterType(dt)
			loaded++
		}
		if loaded == 0 {
			return fmt.Errorf("load PostgreSQL type %q: %w", lastType, lastErr)
		}
		pending = remaining
	}
	return nil
}

var typesToRegister = []string{}

func addTypeToRegister(typ string) struct{} {
	typesToRegister = append(typesToRegister, typ)
	return struct{}{}
}



var _ = addTypeToRegister("\"foo_type\"")

var _ = addTypeToRegister("\"some_table_nested\"")